<html>
<body>
<pre>
<h1>µVision Build Log</h1>
<h2>Tool Versions:</h2>
IDE-Version: µVision V5.40.0.0
Copyright (C) 2024 ARM Ltd and ARM Germany GmbH. All rights reserved.
License Information: Drew Hogan, Utah State university, LIC=----
 
Tool Versions:
Toolchain:       MDK-Lite  Version: 5.40.0.3
Toolchain Path:  C:\Users\Drew\AppData\Local\Keil_v5\ARM\ARMCLANG\Bin
C Compiler:      ArmClang.exe V6.22
Assembler:       Armasm.exe V6.22
Linker/Locator:  ArmLink.exe V6.22
Library Manager: ArmAr.exe V6.22
Hex Converter:   FromElf.exe V6.22
CPU DLL:         SARMCM3.DLL V5.40.0.3
Dialog DLL:      DCM.DLL V1.17.5.0
Target DLL:      STLink\ST-LINKIII-KEIL_SWO.dll V3.3.0.0
Dialog DLL:      TCM.DLL V1.56.4.0
 
<h2>Project:</h2>
C:\School\fall25\personal_projects\crane\stm32\test.uvprojx
Project File Date:  07/13/2025

<h2>Output:</h2>
*** Using Compiler 'V6.22', folder: 'C:\Users\Drew\AppData\Local\Keil_v5\ARM\ARMCLANG\Bin'
Build target 'Target_1'
ADC_weight.c(15): warning: variable length array folded to constant array as an extension [-Wgnu-folding-constant]
   15 |         uint16_t front_array[array_size] = {0};
      |                  ^
ADC_weight.c(16): warning: variable length array folded to constant array as an extension [-Wgnu-folding-constant]
   16 |         uint16_t back_array[array_size] = {0};
      |                  ^
ADC_weight.c(9): warning: unused variable 'front_adc_value' [-Wunused-variable]
    9 |         uint16_t front_adc_value = 0;
      |                  ^~~~~~~~~~~~~~~
ADC_weight.c(10): warning: unused variable 'back_adc_value' [-Wunused-variable]
   10 |         uint16_t back_adc_value = 0;
      |                  ^~~~~~~~~~~~~~
ADC_weight.c(15): warning: unused variable 'front_array' [-Wunused-variable]
   15 |         uint16_t front_array[array_size] = {0};
      |                  ^~~~~~~~~~~
ADC_weight.c(16): warning: unused variable 'back_array' [-Wunused-variable]
   16 |         uint16_t back_array[array_size] = {0};
      |                  ^~~~~~~~~~
ADC_weight.c(7): warning: unused parameter 'argument' [-Wunused-parameter]
    7 | void weight(void *argument){
      |                   ^
7 warnings generated.
compiling ADC_weight.c...
linking...
Program Size: Code=16990 RO-data=598 RW-data=40 ZI-data=12792  
".\Objects\test.axf" - 0 Error(s), 7 Warning(s).

<h2>Software Packages used:</h2>

Package Vendor: ARM
                https://www.keil.com/pack/ARM.CMSIS.6.1.0.pack
                ARM::CMSIS@6.1.0
                CMSIS (Common Microcontroller Software Interface Standard)
   * Component: OS Tick Version: 1.0.1
   * Component: RTOS2 Version: 2.3.0
   * Component: CORE Version: 6.1.0
   * Component: SysTick Version: 1.0.5

Package Vendor: ARM
                https://www.keil.com/pack/ARM.CMSIS-FreeRTOS.11.1.0.pack
                ARM::CMSIS-FreeRTOS@11.1.0
                Bundle of FreeRTOS for Cortex-M and Cortex-A
   * Component: FreeRTOS Variant: Cortex-M Version: 11.1.0
   * Component: Config Variant: CMSIS RTOS2 Version: 11.1.0
   * Component: Core Variant: Cortex-M Version: 11.1.0
   * Component: Event Groups Version: 11.1.0
   * Component: Heap Variant: Heap_4 Version: 11.1.0
   * Component: Timers Version: 11.1.0

Package Vendor: Keil
                https://www.keil.com/pack/Keil.STM32L4xx_DFP.2.7.0.pack
                Keil::STM32L4xx_DFP@2.7.0
                STMicroelectronics STM32L4 Series Device Support, Drivers and Examples
   * Component: Startup Version: 1.3.2

<h2>Collection of Component include folders:</h2>
  ./RTE/RTOS
  ./RTE/_Target_1
  C:/Users/Drew/AppData/Local/Arm/Packs/ARM/CMSIS-FreeRTOS/11.1.0/CMSIS/RTOS2/FreeRTOS/Include
  C:/Users/Drew/AppData/Local/Arm/Packs/ARM/CMSIS-FreeRTOS/11.1.0/Source/include
  C:/Users/Drew/AppData/Local/Arm/Packs/ARM/CMSIS-FreeRTOS/11.1.0/Source/portable/GCC/ARM_CM4F
  C:/Users/Drew/AppData/Local/Arm/Packs/ARM/CMSIS/6.1.0/CMSIS/Core/Include
  C:/Users/Drew/AppData/Local/Arm/Packs/ARM/CMSIS/6.1.0/CMSIS/RTOS2/Include
  C:/Users/Drew/AppData/Local/Arm/Packs/Keil/STM32L4xx_DFP/2.7.0/Drivers/CMSIS/Device/ST/STM32L4xx/Include

<h2>Collection of Component Files used:</h2>

   * Component: ::CMSIS:OS Tick(API)@1.0.1
      Include file:  CMSIS/RTOS2/Include/os_tick.h

   * Component: ::CMSIS:RTOS2(API)@2.3.0
      Include file:  CMSIS/RTOS2/Include/cmsis_os2.h

   * Component: ARM::CMSIS:CORE@6.1.0

   * Component: ARM::CMSIS:OS Tick:SysTick@1.0.5
      Source file:   CMSIS/RTOS2/Source/os_systick.c

   * Component: ARM::CMSIS:RTOS2:FreeRTOS&Cortex-M@11.1.0
      Source file:   CMSIS/RTOS2/FreeRTOS/Source/clib_os.c
      Source file:   CMSIS/RTOS2/FreeRTOS/Source/cmsis_os2.c
      Include file:  CMSIS/RTOS2/FreeRTOS/Include/freertos_mpool.h

   * Component: ARM::RTOS&FreeRTOS:Config&CMSIS RTOS2@11.1.0
      Include file:  CMSIS/RTOS2/FreeRTOS/Config/FreeRTOSConfig.h

   * Component: ARM::RTOS&FreeRTOS:Core&Cortex-M@11.1.0
      Include file:  Source/include/queue.h
      Source file:   Source/list.c
      Source file:   Source/queue.c
      Source file:   Source/portable/GCC/ARM_CM4F/port.c
      Include file:  Source/include/task.h
      Include file:  Source/include/semphr.h
      Source file:   Source/tasks.c
      Include file:  Source/include/FreeRTOS.h
      Source file:   CMSIS/RTOS2/FreeRTOS/Source/freertos_evr.c

   * Component: ARM::RTOS&FreeRTOS:Event Groups@11.1.0
      Source file:   Source/event_groups.c
      Include file:  Source/include/event_groups.h

   * Component: ARM::RTOS&FreeRTOS:Heap&Heap_4@11.1.0
      Source file:   Source/portable/MemMang/heap_4.c

   * Component: ARM::RTOS&FreeRTOS:Timers@11.1.0
      Include file:  Source/include/timers.h
      Source file:   Source/timers.c

   * Component: Keil::Device:Startup@1.3.2
      Include file:  Drivers/CMSIS/Device/ST/STM32L4xx/Include/stm32l4xx.h
      Source file:   Drivers/CMSIS/Device/ST/STM32L4xx/Source/Templates/arm/startup_stm32l476xx.s
      Source file:   MDK/Device/Source/ARM/STM32L4xx_DB_OPT.s
      Source file:   Drivers/CMSIS/Device/ST/STM32L4xx/Source/Templates/system_stm32l4xx.c
Build Time Elapsed:  00:00:01
</pre>
</body>
</html>
